TheDe@MaouGaukkensPC MINGW64 /d/Senac/Atividades para entrega/Mod III/Atividade 2/LeiloesTDSat (master)
$ git add .
warning: in the working copy of 'BD.sql', LF will be replaced by CRLF the next time Git touches it

TheDe@MaouGaukkensPC MINGW64 /d/Senac/Atividades para entrega/Mod III/Atividade 2/LeiloesTDSat (master)
$ git status
On branch master
Your branch is up to date with 'origin/master'.

Changes to be committed:
  (use "git restore --staged <file>..." to unstage)
        new file:   BD.sql
        modified:   build/classes/conectaDAO.class
        deleted:    gitComandos.txt
        new file:   gitComandos2.txt
        deleted:    gitConsole.txt
        new file:   gitConsole2.txt
        modified:   nbproject/project.properties
        modified:   src/ProdutosDAO.java
        modified:   src/conectaDAO.java


TheDe@MaouGaukkensPC MINGW64 /d/Senac/Atividades para entrega/Mod III/Atividade 2/LeiloesTDSat (master)
$ git commit -m "Banco de dados login v1.0.0"
[master 8518436] Banco de dados login v1.0.0
 9 files changed, 91 insertions(+), 186 deletions(-)
 create mode 100644 BD.sql
 delete mode 100644 gitComandos.txt
 create mode 100644 gitComandos2.txt
 delete mode 100644 gitConsole.txt
 create mode 100644 gitConsole2.txt

TheDe@MaouGaukkensPC MINGW64 /d/Senac/Atividades para entrega/Mod III/Atividade 2/LeiloesTDSat (master)
$ git status
On branch master
Your branch is ahead of 'origin/master' by 1 commit.
  (use "git push" to publish your local commits)

nothing to commit, working tree clean

TheDe@MaouGaukkensPC MINGW64 /d/Senac/Atividades para entrega/Mod III/Atividade 2/LeiloesTDSat (master)
$ git push
Enumerating objects: 20, done.
Counting objects: 100% (20/20), done.
Delta compression using up to 8 threads
Compressing objects: 100% (10/10), done.
Writing objects: 100% (11/11), 3.14 KiB | 3.14 MiB/s, done.
Total 11 (delta 5), reused 0 (delta 0), pack-reused 0 (from 0)
remote: Resolving deltas: 100% (5/5), completed with 5 local objects.
To https://github.com/MaouGaukkenI/Atividade-1.git
   ebda041..8518436  master -> master

TheDe@MaouGaukkensPC MINGW64 /d/Senac/Atividades para entrega/Mod III/Atividade 2/LeiloesTDSat (master)
$ git add .
warning: in the working copy of 'src/Viewn/cadastroVIEW.form', LF will be replaced by CRLF the next time Git touches it
warning: in the working copy of 'src/Viewn/listagemVIEW.form', LF will be replaced by CRLF the next time Git touches it
warning: in the working copy of 'build/classes/Viewn/cadastroVIEW.form', LF will be replaced by CRLF the next time Git touches it
warning: in the working copy of 'build/classes/Viewn/listagemVIEW.form', LF will be replaced by CRLF the next time Git touches it

TheDe@MaouGaukkensPC MINGW64 /d/Senac/Atividades para entrega/Mod III/Atividade 2/LeiloesTDSat (master)
$ git status
On branch master
Your branch is up to date with 'origin/master'.

Changes to be committed:
  (use "git restore --staged <file>..." to unstage)
        new file:   build/classes/Code/ProdutosDAO.class
        new file:   build/classes/Code/ProdutosDTO.class
        new file:   build/classes/Code/conectaDAO.class
        deleted:    build/classes/ProdutosDAO.class
        deleted:    build/classes/ProdutosDTO.class
        new file:   build/classes/Viewn/cadastroVIEW$1.class
        new file:   build/classes/Viewn/cadastroVIEW$2.class
        new file:   build/classes/Viewn/cadastroVIEW$3.class
        new file:   build/classes/Viewn/cadastroVIEW$4.class
        new file:   build/classes/Viewn/cadastroVIEW.class
        renamed:    build/classes/cadastroVIEW.form -> build/classes/Viewn/cadastroVIEW.form
        new file:   build/classes/Viewn/listagemVIEW$1.class
        new file:   build/classes/Viewn/listagemVIEW$2.class
        new file:   build/classes/Viewn/listagemVIEW$3.class
        new file:   build/classes/Viewn/listagemVIEW$4.class
        renamed:    build/classes/listagemVIEW.class -> build/classes/Viewn/listagemVIEW.class
        renamed:    build/classes/listagemVIEW.form -> build/classes/Viewn/listagemVIEW.form
        deleted:    build/classes/cadastroVIEW$1.class
        deleted:    build/classes/cadastroVIEW$2.class
        deleted:    build/classes/cadastroVIEW$3.class
        deleted:    build/classes/cadastroVIEW$4.class
        deleted:    build/classes/cadastroVIEW.class
        deleted:    build/classes/conectaDAO.class
        deleted:    build/classes/listagemVIEW$1.class
        deleted:    build/classes/listagemVIEW$2.class
        deleted:    build/classes/listagemVIEW$3.class
        deleted:    build/classes/listagemVIEW$4.class
        modified:   gitConsole2.txt
        new file:   nbproject/private/private.xml
        modified:   nbproject/project.properties
        renamed:    src/ProdutosDAO.java -> src/Code/ProdutosDAO.java
        renamed:    src/ProdutosDTO.java -> src/Code/ProdutosDTO.java
        renamed:    src/conectaDAO.java -> src/Code/conectaDAO.java
        renamed:    src/cadastroVIEW.form -> src/Viewn/cadastroVIEW.form
        renamed:    src/cadastroVIEW.java -> src/Viewn/cadastroVIEW.java
        renamed:    src/listagemVIEW.form -> src/Viewn/listagemVIEW.form
        renamed:    src/listagemVIEW.java -> src/Viewn/listagemVIEW.java


TheDe@MaouGaukkensPC MINGW64 /d/Senac/Atividades para entrega/Mod III/Atividade 2/LeiloesTDSat (master)
$ git commit -m "Banco de dados login v1.1.0 - Conexão estabilizada"
[master d799f06] Banco de dados login v1.1.0 - Conexão estabilizada
 37 files changed, 83 insertions(+), 40 deletions(-)
 create mode 100644 build/classes/Code/ProdutosDAO.class
 create mode 100644 build/classes/Code/ProdutosDTO.class
 create mode 100644 build/classes/Code/conectaDAO.class
 delete mode 100644 build/classes/ProdutosDAO.class
 delete mode 100644 build/classes/ProdutosDTO.class
 create mode 100644 build/classes/Viewn/cadastroVIEW$1.class
 create mode 100644 build/classes/Viewn/cadastroVIEW$2.class
 create mode 100644 build/classes/Viewn/cadastroVIEW$3.class
 create mode 100644 build/classes/Viewn/cadastroVIEW$4.class
 create mode 100644 build/classes/Viewn/cadastroVIEW.class
 rename build/classes/{ => Viewn}/cadastroVIEW.form (100%)
 create mode 100644 build/classes/Viewn/listagemVIEW$1.class
 create mode 100644 build/classes/Viewn/listagemVIEW$2.class
 create mode 100644 build/classes/Viewn/listagemVIEW$3.class
 create mode 100644 build/classes/Viewn/listagemVIEW$4.class
 rename build/classes/{ => Viewn}/listagemVIEW.class (73%)
 rename build/classes/{ => Viewn}/listagemVIEW.form (100%)
 delete mode 100644 build/classes/cadastroVIEW$1.class
 delete mode 100644 build/classes/cadastroVIEW$2.class
 delete mode 100644 build/classes/cadastroVIEW$3.class
 delete mode 100644 build/classes/cadastroVIEW$4.class
 delete mode 100644 build/classes/cadastroVIEW.class
 delete mode 100644 build/classes/conectaDAO.class
 delete mode 100644 build/classes/listagemVIEW$1.class
 delete mode 100644 build/classes/listagemVIEW$2.class
 delete mode 100644 build/classes/listagemVIEW$3.class
 delete mode 100644 build/classes/listagemVIEW$4.class
 create mode 100644 nbproject/private/private.xml
 rename src/{ => Code}/ProdutosDAO.java (71%)
 rename src/{ => Code}/ProdutosDTO.java (98%)
 rename src/{ => Code}/conectaDAO.java (52%)
 rename src/{ => Viewn}/cadastroVIEW.form (100%)
 rename src/{ => Viewn}/cadastroVIEW.java (97%)
 rename src/{ => Viewn}/listagemVIEW.form (100%)
 rename src/{ => Viewn}/listagemVIEW.java (99%)

TheDe@MaouGaukkensPC MINGW64 /d/Senac/Atividades para entrega/Mod III/Atividade 2/LeiloesTDSat (master)
$ git push
Enumerating objects: 40, done.
Counting objects: 100% (40/40), done.
Delta compression using up to 8 threads
Compressing objects: 100% (31/31), done.
Writing objects: 100% (32/32), 17.92 KiB | 1.79 MiB/s, done.
Total 32 (delta 11), reused 0 (delta 0), pack-reused 0 (from 0)
remote: Resolving deltas: 100% (11/11), completed with 4 local objects.
To https://github.com/MaouGaukkenI/Atividade-1.git
   8518436..d799f06  master -> master

