TheDe@MaouGaukkensPC MINGW64 /d/Senac/Atividades para entrega/Mod III/Atividade 3
$ git init
Initialized empty Git repository in D:/Senac/Atividades para entrega/Mod III/Atividade 3/.git/

TheDe@MaouGaukkensPC MINGW64 /d/Senac/Atividades para entrega/Mod III/Atividade 3 (master)
$ git remote add origin https://github.com/MaouGaukkenI/Atividade-1.git

TheDe@MaouGaukkensPC MINGW64 /d/Senac/Atividades para entrega/Mod III/Atividade 3 (master)
$ git pull
remote: Enumerating objects: 145, done.
remote: Counting objects: 100% (145/145), done.
remote: Compressing objects: 100% (85/85), done.
remote: Total 145 (delta 71), reused 124 (delta 52), pack-reused 0
Receiving objects: 100% (145/145), 9.70 MiB | 415.00 KiB/s, done.
Resolving deltas: 100% (71/71), done.
From https://github.com/MaouGaukkenI/Atividade-1
 * [new branch]      master     -> origin/master
There is no tracking information for the current branch.
Please specify which branch you want to merge with.
See git-pull(1) for details.

    git pull <remote> <branch>

If you wish to set tracking information for this branch you can do so with:

    git branch --set-upstream-to=origin/<branch> master

TheDe@MaouGaukkensPC MINGW64 /d/Senac/Atividades para entrega/Mod III/Atividade 3 (Melhorias)
$ git branch -m melhorias

TheDe@MaouGaukkensPC MINGW64 /d/Senac/Atividades para entrega/Mod III/Atividade 3 (melhorias)
$ git pull origin melhorias
From https://github.com/MaouGaukkenI/Atividade-1
 * branch            melhorias  -> FETCH_HEAD
 * [new branch]      melhorias  -> origin/melhorias
Updating files: 100% (44/44), done.

TheDe@MaouGaukkensPC MINGW64 /d/Senac/Atividades para entrega/Mod III/Atividade 3 (melhorias)
$ git add .

TheDe@MaouGaukkensPC MINGW64 /d/Senac/Atividades para entrega/Mod III/Atividade 3 (melhorias)
$ git status
On branch melhorias
Changes to be committed:
  (use "git restore --staged <file>..." to unstage)
        renamed:    gitComandos2.txt -> gitComandos3.txt
        deleted:    gitConsole2.txt
        new file:   gitConsole3.txt

TheDe@MaouGaukkensPC MINGW64 /d/Senac/Atividades para entrega/Mod III/Atividade 3 (melhorias)
$ git commit -m "Atividade 3 inicio"
[melhorias 5a3457c] Atividade 3 inicio
 3 files changed, 37 insertions(+), 235 deletions(-)
 rename gitComandos2.txt => gitComandos3.txt (100%)
 delete mode 100644 gitConsole2.txt
 create mode 100644 gitConsole3.txt

TheDe@MaouGaukkensPC MINGW64 /d/Senac/Atividades para entrega/Mod III/Atividade 3 (melhorias)
$ git push -u origin melhorias
Enumerating objects: 4, done.
Counting objects: 100% (4/4), done.
Delta compression using up to 8 threads
Compressing objects: 100% (3/3), done.
Writing objects: 100% (3/3), 858 bytes | 858.00 KiB/s, done.
Total 3 (delta 1), reused 0 (delta 0), pack-reused 0 (from 0)
remote: Resolving deltas: 100% (1/1), completed with 1 local object.
To https://github.com/MaouGaukkenI/Atividade-1.git
   f1ca121..5a3457c  melhorias -> melhorias
branch 'melhorias' set up to track 'origin/melhorias'.

TheDe@MaouGaukkensPC MINGW64 /d/Senac/Atividades para entrega/Mod III/Atividade 3/LeiloesTDSat (melhorias)
$ git add .
warning: in the working copy of 'build/classes/Viewn/cadastroVIEW.form', LF will be replaced by CRLF the next time Git touches it
warning: in the working copy of 'build/classes/Viewn/listagemVIEW.form', LF will be replaced by CRLF the next time Git touches it
warning: in the working copy of 'src/Viewn/cadastroVIEW.form', LF will be replaced by CRLF the next time Git touches it
warning: in the working copy of 'src/Viewn/listagemVIEW.form', LF will be replaced by CRLF the next time Git touches it
warning: in the working copy of 'src/Viewn/vendasVIEW.form', LF will be replaced by CRLF the next time Git touches it
warning: in the working copy of 'src/Viewn/vendasVIEW.java', LF will be replaced by CRLF the next time Git touches it

TheDe@MaouGaukkensPC MINGW64 /d/Senac/Atividades para entrega/Mod III/Atividade 3/LeiloesTDSat (melhorias)
$ git commit -m "Tela de vendas com tabela funcionando"
[melhorias f35022c] Tela de vendas com tabela funcionando
 13 files changed, 354 insertions(+), 10 deletions(-)
 create mode 100644 .gitignore
 create mode 100644 src/Viewn/vendasVIEW.form
 create mode 100644 src/Viewn/vendasVIEW.java

TheDe@MaouGaukkensPC MINGW64 /d/Senac/Atividades para entrega/Mod III/Atividade 3/LeiloesTDSat (melhorias)
$ git push -u origin melhorias
Enumerating objects: 44, done.
Counting objects: 100% (44/44), done.
Delta compression using up to 8 threads
Compressing objects: 100% (22/22), done.
Writing objects: 100% (24/24), 7.34 KiB | 1.47 MiB/s, done.
Total 24 (delta 17), reused 0 (delta 0), pack-reused 0 (from 0)
remote: Resolving deltas: 100% (17/17), completed with 16 local objects.
To https://github.com/MaouGaukkenI/Atividade-1.git
   5a3457c..f35022c  melhorias -> melhorias
branch 'melhorias' set up to track 'origin/melhorias'.



